// Jest Snapshot v1, https://goo.gl/fbAQLP

exports[`Cell Component Check Closed Frame should render correctly 1`] = `[Function]`;

exports[`Cell Component Check Closed Frame should render correctly 2`] = `[Function]`;

exports[`Cell Component Check Closed Frame should render correctly 3`] = `[Function]`;

exports[`Cell Component Check Closed Frame should render correctly 4`] = `[Function]`;

exports[`Cell Component Check Closed Frame should render correctly 5`] = `[Function]`;

exports[`Cell Component Check Closed Frame should render correctly 6`] = `[Function]`;

exports[`Cell Component Check Closed Frame should render correctly 7`] = `[Function]`;

exports[`Cell Component Check Closed Frame should render correctly 8`] = `[Function]`;

exports[`Cell Component Check Closed Frame should render correctly 9`] = `[Function]`;

exports[`Cell Component Check Closed Frame should render correctly 10`] = `[Function]`;

exports[`Cell Component Check Closed Frame should render correctly 11`] = `[Function]`;

exports[`Cell Component Check Closed Frame should render correctly 12`] = `[Function]`;

exports[`Cell Component Check Closed Frame should render correctly 13`] = `[Function]`;
